# Suite: repository
TAP version 13
# Subtest: a valid single order is created with the expected amount
ok 1 - a valid single order is created with the expected amount
  ---
  duration_ms: 34.058917
  type: 'test'
  ...
# Subtest: two distinct orders are both accepted
ok 2 - two distinct orders are both accepted
  ---
  duration_ms: 27.369417
  type: 'test'
  ...
# Subtest: sequential retries reuse the original order
ok 3 - sequential retries reuse the original order
  ---
  duration_ms: 13.207292
  type: 'test'
  ...
# Subtest: simultaneous identical requests create one order and share its result
ok 4 - simultaneous identical requests create one order and share its result
  ---
  duration_ms: 14.353584
  type: 'test'
  ...
# Subtest: reusing a key with a different product or quantity conflicts without changing the original
ok 5 - reusing a key with a different product or quantity conflicts without changing the original
  ---
  duration_ms: 14.459333
  type: 'test'
  ...
# Subtest: an in-flight request reserves its key against conflicting content
ok 6 - an in-flight request reserves its key against conflicting content
  ---
  duration_ms: 11.75125
  type: 'test'
  ...
# Subtest: the same key is independent across checkouts
ok 7 - the same key is independent across checkouts
  ---
  duration_ms: 15.6505
  type: 'test'
  ...
# Subtest: invalid orders do not consume an idempotency key
ok 8 - invalid orders do not consume an idempotency key
  ---
  duration_ms: 11.89375
  type: 'test'
  ...
# Subtest: missing and malformed idempotency keys are rejected
ok 9 - missing and malformed idempotency keys are rejected
  ---
  duration_ms: 5.659375
  type: 'test'
  ...
# Subtest: 8- and 80-character idempotency keys are valid
ok 10 - 8- and 80-character idempotency keys are valid
  ---
  duration_ms: 16.224334
  type: 'test'
  ...
# Subtest: invalid quantities are rejected
ok 11 - invalid quantities are rejected
  ---
  duration_ms: 1.872334
  type: 'test'
  ...
# Subtest: health check remains available
ok 12 - health check remains available
  ---
  duration_ms: 1.413583
  type: 'test'
  ...
# Subtest: unknown routes return 404
ok 13 - unknown routes return 404
  ---
  duration_ms: 1.149125
  type: 'test'
  ...
# Subtest: order lists are scoped to the checkout
ok 14 - order lists are scoped to the checkout
  ---
  duration_ms: 8.789583
  type: 'test'
  ...
# Subtest: request failures show their error code and a successful retry restores the ok state
ok 15 - request failures show their error code and a successful retry restores the ok state
  ---
  duration_ms: 33.227667
  type: 'test'
  ...
# Subtest: partial request failure cannot report ok even when the intended order exists
ok 16 - partial request failure cannot report ok even when the intended order exists
  ---
  duration_ms: 1.818917
  type: 'test'
  ...
# Subtest: order-list failures and count mismatches never report ok
ok 17 - order-list failures and count mismatches never report ok
  ---
  duration_ms: 1.250542
  type: 'test'
  ...
1..17
# tests 17
# suites 0
# pass 17
# fail 0
# cancelled 0
# skipped 0
# todo 0
# duration_ms 293.893209

# Suite: acceptance
TAP version 13
# Subtest: AC2: sequential retries reuse the same order
ok 1 - AC2: sequential retries reuse the same order
  ---
  duration_ms: 57.603917
  type: 'test'
  ...
# Subtest: AC2: five simultaneous retries create exactly one order
ok 2 - AC2: five simultaneous retries create exactly one order
  ---
  duration_ms: 46.619708
  type: 'test'
  ...
# Subtest: AC3: same key with different quantity is rejected
ok 3 - AC3: same key with different quantity is rejected
  ---
  duration_ms: 37.306583
  type: 'test'
  ...
# Subtest: AC3: same key with different productId is rejected
ok 4 - AC3: same key with different productId is rejected
  ---
  duration_ms: 40.333541
  type: 'test'
  ...
# Subtest: AC3: conflicting concurrent payloads cannot overwrite an in-flight request
ok 5 - AC3: conflicting concurrent payloads cannot overwrite an in-flight request
  ---
  duration_ms: 56.841291
  type: 'test'
  ...
# Subtest: AC4: a separate new order remains possible
ok 6 - AC4: a separate new order remains possible
  ---
  duration_ms: 68.143708
  type: 'test'
  ...
# Subtest: AC4: identical keys in different checkout scopes are independent
ok 7 - AC4: identical keys in different checkout scopes are independent
  ---
  duration_ms: 59.438583
  type: 'test'
  ...
# Subtest: AC1: missing key is rejected before creating an order
ok 8 - AC1: missing key is rejected before creating an order
  ---
  duration_ms: 3.216666
  type: 'test'
  ...
# Subtest: AC1: short key is rejected before creating an order
ok 9 - AC1: short key is rejected before creating an order
  ---
  duration_ms: 3.131
  type: 'test'
  ...
# Subtest: AC1: invalid characters key is rejected before creating an order
ok 10 - AC1: invalid characters key is rejected before creating an order
  ---
  duration_ms: 2.814666
  type: 'test'
  ...
# Subtest: AC1: too long key is rejected before creating an order
ok 11 - AC1: too long key is rejected before creating an order
  ---
  duration_ms: 2.592166
  type: 'test'
  ...
# Subtest: AC1: valid 8- and 80-character keys are accepted
ok 12 - AC1: valid 8- and 80-character keys are accepted
  ---
  duration_ms: 57.274083
  type: 'test'
  ...
# Subtest: AC5: invalid order {"quantity":0} does not consume a key
ok 13 - AC5: invalid order {"quantity":0} does not consume a key
  ---
  duration_ms: 29.898375
  type: 'test'
  ...
# Subtest: AC5: invalid order {"quantity":1.5} does not consume a key
ok 14 - AC5: invalid order {"quantity":1.5} does not consume a key
  ---
  duration_ms: 32.605
  type: 'test'
  ...
# Subtest: AC5: invalid order {"productId":"UNKNOWN"} does not consume a key
ok 15 - AC5: invalid order {"productId":"UNKNOWN"} does not consume a key
  ---
  duration_ms: 31.295208
  type: 'test'
  ...
# Subtest: AC5: health check and unknown-route behavior remain unchanged
ok 16 - AC5: health check and unknown-route behavior remain unchanged
  ---
  duration_ms: 2.37075
  type: 'test'
  ...
1..16
# tests 16
# suites 0
# pass 16
# fail 0
# cancelled 0
# skipped 0
# todo 0
# duration_ms 613.311292
