TAP version 13
# Subtest: interactive implementation shows native edit approvals, never blanket permission
ok 1 - interactive implementation shows native edit approvals, never blanket permission
  ---
  duration_ms: 0.926875
  type: 'test'
  ...
# Subtest: read-only roles still deny writes in the native CLI
ok 2 - read-only roles still deny writes in the native CLI
  ---
  duration_ms: 0.176959
  type: 'test'
  ...
# Subtest: existing programmatic invocation retains exact scoped write grants
ok 3 - existing programmatic invocation retains exact scoped write grants
  ---
  duration_ms: 0.207292
  type: 'test'
  ...
# Subtest: the dedicated CLI home starts in manual mode without global hooks or IDE edits
ok 4 - the dedicated CLI home starts in manual mode without global hooks or IDE edits
  ---
  duration_ms: 0.732459
  type: 'test'
  ...
# Subtest: scope gate waits for the exact approval phrase and rejects ordinary yes
ok 5 - scope gate waits for the exact approval phrase and rejects ordinary yes
  ---
  duration_ms: 2.457125
  type: 'test'
  ...
# Subtest: workspace identifiers reject traversal and absolute paths
ok 6 - workspace identifiers reject traversal and absolute paths
  ---
  duration_ms: 0.874292
  type: 'test'
  ...
# Subtest: prepare never overwrites an existing workspace
ok 7 - prepare never overwrites an existing workspace
  ---
  duration_ms: 131.582125
  type: 'test'
  ...
# Subtest: implementation is blocked before scope approval
ok 8 - implementation is blocked before scope approval
  ---
  duration_ms: 118.497958
  type: 'test'
  ...
# Subtest: approval requires an explicit actor and reason
ok 9 - approval requires an explicit actor and reason
  ---
  duration_ms: 114.995292
  type: 'test'
  ...
# Subtest: rehearsal approval is labeled and becomes invalid if the plan changes
ok 10 - rehearsal approval is labeled and becomes invalid if the plan changes
  ---
  duration_ms: 171.027542
  type: 'test'
  ...
# Subtest: the request cannot change silently after approval
ok 11 - the request cannot change silently after approval
  ---
  duration_ms: 128.196125
  type: 'test'
  ...
# Subtest: scope check detects protected and newly added files
ok 12 - scope check detects protected and newly added files
  ---
  duration_ms: 210.720667
  type: 'test'
  ...
# Subtest: missing or failed tests block review
ok 13 - missing or failed tests block review
  ---
  duration_ms: 217.81975
  type: 'test'
  ...
# Subtest: a source change invalidates previously recorded verification
ok 14 - a source change invalidates previously recorded verification
  ---
  duration_ms: 173.942125
  type: 'test'
  ...
# Subtest: final decision cannot bypass a missing review
ok 15 - final decision cannot bypass a missing review
  ---
  duration_ms: 193.704917
  type: 'test'
  ...
# Subtest: JSONL extraction uses the actual final message and rejects missing evidence
ok 16 - JSONL extraction uses the actual final message and rejects missing evidence
  ---
  duration_ms: 0.5555
  type: 'test'
  ...
# Subtest: TAP counts must exist and cannot silently default to success
ok 17 - TAP counts must exist and cannot silently default to success
  ---
  duration_ms: 0.469542
  type: 'test'
  ...
1..17
# tests 17
# suites 0
# pass 17
# fail 0
# cancelled 0
# skipped 0
# todo 0
# duration_ms 1625.5875
